+- Edit ws-9qe ------- field 1/9 · 1 change · 1 to decide -+
| ! Changed since opened: title Payment provider timeou…   |
| ! -> Retries, reworded, priority P0 -> P3                |
|   Decide on the marked fields: keep mine or take theirs. |
|                                                          |
| * Title*       Payment provider timeout retries!         |
|   Type         bug                                       |
|   Priority     P3                                        |
|   Status       open                                      |
|   Assignee                                               |
|   Labels                                                 |
|   Parent       -                                         |
|   Description                                            |
|                                                          |
| ... 4 more                                               |
+--------- Ctrl+S save  Esc close  Tab field  Ctrl+O mine -+