  Overview   demo                                                                                                                                                    15 issues · all   * live 12:00:00  
                                                                                                                                                                                                        
+- Activity -----------------------------------------------------------------------------------------+ +- Active assignees -----------------------------------+ +- Now --------------------------------+
|   now * claimed          ws-7mt     Cart badge shows stale count                               bob | | alice  1 in progress                                 | | o Open                             5 |
||   3m ^ priority changed ws-9qe     Payment provider timeout retries                           2→0 | |  * ws-4k2     epic    Checkout: guest orders      P1 | | > Ready                            4 |
| last hour                                                                                          | | bob  1 in progress                                   | | * In progress                      2 |
|   20m ! became blocked   ws-2hz     Split pricing service                                by ws-9qe | |  * ws-7mt     bug     Cart badge shows stale c... P2 | | ! Blocked                          2 |
| today                                                                                              | |                                                      | | ~ Frozen                           1 |
|    5h + created          ws-9qe     Payment provider timeout retries                               | |                                                      | | x Closed                           5 |
|    8h x closed           ws-5ca     Update analytics consent banner                                | |                                                      | |                                      |
|    9h x closed           ws-4k2.3   Order summary page                                             | |                                                      | | closed/day, 14d                      |
|   10h x closed           ws-4k2.4   Guest cart merge                                               | |                                                      | | .~...........#                       |
| yesterday                                                                                          | |                                                      | | 33% closed · 2 deps                  |
|    1d + created          ws-7mt     Cart badge shows stale count                                   | |                                                      | +--------------------------------------+
|    1d + created          ws-lost    Follow-up from a deleted epic                                  | |                                                      |                                         
| earlier                                                                                            | |                                                      | +- Needs attention --------------------+
|    2d + created          ws-4k2.2   Guest order confirmation mail                                  | |                                                      | | > Ready 4 (2 unassigned)             |
|    2d + created          ws-4k2.5.1 Pickup point lookup                                            | |                                                      | |  o ws-9qe   Payment provider t... P0 |
|    2d + created          ws-4k2.5   Shipping options                                               | |                                                      | |  o ws-4k2.1 Address form valid... P1 |
|    3d + created          ws-4k2.1   Address form validation                                        | |                                                      | |  o ws-lost  Follow-up from a d... P2 |
|    3d + created          ws-4k2     Checkout: guest orders                                         | |                                                      | |   ... 1 more in 4 Ready              |
|    3d + created          ws-4k2.3   Order summary page                                             | |                                                      | |   2 assigned, not started            |
|    3d + created          ws-4k2.4   Guest cart merge                                               | |                                                      | | ! Blocked 2                          |
|    4d + created          ws-5ca     Update analytics consent banner                                | |                                                      | |  ! ws-2hz   Split pricing service P2 |
|    6d + created          ws-2hz     Split pricing service                                          | |                                                      | |  ! ws-4k2.2 Guest order confir... P2 |
|    1w + created          ws-8np     Search: typo tolerance                                         | |                                                      | |                                      |
|    1w x closed           ws-old.1   Delete legacy routes                                           | |                                                      | |                                      |
|    1w x closed           ws-old     Legacy checkout removal                                        | |                                                      | |                                      |
|    2w + created          ws-old.1   Delete legacy routes                                           | |                                                      | |                                      |
|    2w + created          ws-old     Legacy checkout removal                                        | |                                                      | |                                      |
|                                                                                                    | |                                                      | |                                      |
|                                                                                                    | |                                                      | |                                      |
|                                                                                                    | |                                                      | |                                      |
|                                                                                                    | |                                                      | |                                      |
|                                                                                                    | |                                                      | |                                      |
|                                                                                                    | |                                                      | |                                      |
|                                                                                                    | |                                                      | |                                      |
|                                                                                                    | |                                                      | |                                      |
|                                                                                                    | |                                                      | |                                      |
|                                                                                                    | |                                                      | |                                      |
|                                                                                                    | |                                                      | |                                      |
|                                                                                                    | |                                                      | |                                      |
|                                                                                                    | |                                                      | |                                      |
|                                                                                                    | |                                                      | |                                      |
|                                                                                                    | |                                                      | |                                      |
|                                                                                                    | |                                                      | |                                      |
|                                                                                                    | |                                                      | |                                      |
+----------------------------------------------------------------------------------------------------+ +------------------------------------------------------+ +--------------------------------------+
  [1 Overview]   2 Tree   3 Kanban   4 Ready   5 Memories   6 Graph                                                                                                                                     
 / search  f filter  Enter details  : cmd  ? help                                                                                                  o open  * in progress  ! blocked  x closed  ~ frozen 