- Overview - demo ------------------------------ 15 issues · all - * 12:00:00 -
o5 open >4 ready *2 in prog !2 blocked ~1 frozen x5 closed                     
.~...........# closed/day · > 4 ready · ! 2 blocked                            
active: alice *1  bob *1                                                       
- >Activity ------------------------------------------------------------- +11 -
 - just now -------------------------------------------------------------------
    now * claimed          ws-7mt     Cart badge shows stale count          bob
 |   3m ^ priority changed ws-9qe     Payment provider timeout retries      2→0
 - last hour ------------------------------------------------------------------
    20m ! became blocked   ws-2hz     Split pricing service           by ws-9qe
 - today ----------------------------------------------------------------------
     5h + created          ws-9qe     Payment provider timeout retries         
     8h x closed           ws-5ca     Update analytics consent banner          
     9h x closed           ws-4k2.3   Order summary page                       
    10h x closed           ws-4k2.4   Guest cart merge                         
 - yesterday ------------------------------------------------------------------
     1d + created          ws-7mt     Cart badge shows stale count             
     1d + created          ws-lost    Follow-up from a deleted epic            
 - earlier --------------------------------------------------------------------
     2d + created          ws-4k2.2   Guest order confirmation mail            
     2d + created          ws-4k2.5.1 Pickup point lookup                      
     2d + created          ws-4k2.5   Shipping options                         
- [1 Overview] - 2 Tree - 3 Kanban - 4 Ready - 5 Memories - 6 Graph -----------
 / search  f filter  Enter details  : cmd  ? help                              