  Overview   demo                            15 issues · all   * live 12:00:00  
                                                                                
+- Activity ----------------------------- +9 -+ +- Now ------------------------+
|   now * ws-7mt     Cart badge shows ... bob | | o Open                     5 |
||   3m ^ ws-9qe     Payment provider ... 2→0 | | > Ready                    4 |
| last hour                                   | | * In progress              2 |
|   20m ! ws-2hz     Split prici... by ws-9qe | | ! Blocked                  2 |
| today                                       | | ~ Frozen                   1 |
|    5h + ws-9qe     Payment provider time... | | x Closed                   5 |
|    8h x ws-5ca     Update analytics cons... | |                              |
|    9h x ws-4k2.3   Order summary page       | | closed/day, 14d              |
|   10h x ws-4k2.4   Guest cart merge         | | .~...........#               |
| yesterday                                   | | 33% closed · 2 deps          |
|    1d + ws-7mt     Cart badge shows stal... | +------------------------------+
|    1d + ws-lost    Follow-up from a dele... |                                 
| earlier                                     | +- Needs attention ------- +4 -+
|    2d + ws-4k2.2   Guest order confirmat... | | > Ready 4 (2 unassigned)     |
|    2d + ws-4k2.5.1 Pickup point lookup      | |  o ws-9qe   Payment pr... P0 |
|    2d + ws-4k2.5   Shipping options         | |  o ws-4k2.1 Address fo... P1 |
|    3d + ws-4k2.1   Address form validation  | |  o ws-lost  Follow-up ... P2 |
|    3d + ws-4k2     Checkout: guest orders   | |   ... 1 more in 4 Ready      |
+---------------------------------------------+ +------------------------------+
  [1 Overview]   2 Tree   3 Kanban   4 Ready   5 Memories   6 Graph             
 / search  f filter  Enter details  : cmd  ? help                               