- Graph ------------------- 2 isolated hidden - * 12:00:00 -
   - 4 issues ----------------------------------------------
|  * gr-a Extract pricing client                            
   |-o gr-b Migrate cart totals                             
   | `-o gr-d Remove legacy pricing                         
   `-o gr-c Migrate invoice totals with a rather long tit...
     `-~ gr-d Remove legacy pricing                         
   - 4 issues ----------------------------------------------
   o gr-x @ Cache warmup                                    
   `-o gr-y @ Cache eviction                                
     `-o gr-z @ Cache sizing                                
       |-o gr-w Cache metrics                               
       `-@ gr-x (cycle)                                     
   - 3 issues ----------------------------------------------
----------------------------------------------------- 1/13 -
 ? help  q quit  j/k move  Space mark  Enter focus          