- 1 Overview  2 Tree  3 Kanban  4 Ready  [5 Memories]  6 Graph ----------- 4 · 514 chars in bd prime - * live 12:00:00 -
|  dolt-push-needs-remote  Run bd dolt push o...|  dolt-push-needs-remote · 4 lines · 86 chars                           
   golden-update           Regenerate goldens...|  Run bd dolt push only after the remote is set.                        
   no-tabs                 Go files use tabs;...|                                                                        
   test-pump               Engine-driven test...|  * check  bd dolt remote                                               
                                                |  * never force                                                         
                                                |                                                                        
                                                |                                                                        
                                                |                                                                        
                                                |                                                                        
                                                |                                                                        
                                                |                                                                        
                                                |                                                                        
                                                |                                                                        
                                                |                                                                        
                                                |                                                                        
                                                |                                                                        
                                                |                                                                        
                                                |                                                                        
                                                |                                                                        
                                                |                                                                        
                                                |                                                                        
                                                |                                                                        
                                                |                                                                        
                                                |                                                                        
                                                |                                                                        
                                                |                                                                        
                                                |                                                                        
------------------------------------------------------------------------------------------------------------------------
 ? help  n new  q quit  j/k move  Space mark  e edit  1-6 switch view  d forget  t appearance  / search  y copy         