  Memories   demo                                             / golden · 1/4 · 514 chars in bd prime   * live 12:00:00  
                                                                                                                        
+- Memories ----------------------- 1 -+ +- golden-update ----------------------------------------- 1 line · 65 chars -+
|| golden-update  Regenerate golden... | | Regenerate goldens with `just golden-update` and review the diff.           |
|                                      | |                                                                             |
|                                      | |                                                                             |
|                                      | |                                                                             |
|                                      | |                                                                             |
|                                      | |                                                                             |
|                                      | |                                                                             |
|                                      | |                                                                             |
|                                      | |                                                                             |
|                                      | |                                                                             |
|                                      | |                                                                             |
|                                      | |                                                                             |
|                                      | |                                                                             |
|                                      | |                                                                             |
|                                      | |                                                                             |
|                                      | |                                                                             |
|                                      | |                                                                             |
|                                      | |                                                                             |
|                                      | |                                                                             |
|                                      | |                                                                             |
|                                      | |                                                                             |
|                                      | |                                                                             |
|                                      | |                                                                             |
|                                      | |                                                                             |
+--------------------------------------+ +-----------------------------------------------------------------------------+
  1 Overview   2 Tree   3 Kanban   4 Ready   [5 Memories]   6 Graph                                                     
 Esc clear  / search  f filter  j/k move  n new  e edit  d forget  : cmd  ? help                                        