  Overview   demo                               * 12:00:00  
| ? ws-1zz   task    Mystery status issue  P4               
  ! ws-2hz   feature Split pricing service P2               
  * ws-4k2   epic    Checkout: guest or... P1 alice         
  o ws-4k2.1 task    Address form valid... P1               
  ! ws-4k2.2 task    Guest order confir... P2               
  x ws-5ca   chore   Update analytics c... P3               
  * ws-7mt   bug     Cart badge shows s... P2 bob           
  ~ ws-8np   feature Search: typo toler... P3               
  o ws-9qe   bug     Payment provider t... P0               
                                                            
                                                            
                                                            
                                                            
  [1]   2   3   4   5   6                                   
 / search  f filter  Enter details  : cmd  ? help           