[
  {
    "comment_count": 0,
    "id": "r1-w24",
    "issue_type": "epic",
    "priority": 1,
    "status": "open",
    "title": "Epic A"
  },
  {
    "comment_count": 2,
    "id": "r1-w24.1",
    "issue_type": "task",
    "priority": 0,
    "status": "in_progress",
    "title": "Child task A1",
    "future_field": {
      "kept": true
    }
  },
  {
    "comment_count": 0,
    "id": "r1-w24.1.1",
    "issue_type": "task",
    "priority": 2,
    "status": "open",
    "title": "Grandchild of A1"
  },
  {
    "comment_count": 0,
    "id": "r1-w24.3",
    "issue_type": "feature",
    "priority": 2,
    "status": "open",
    "title": "Feature | blocked by A1"
  },
  {
    "comment_count": 0,
    "id": "r1-w24.4",
    "issue_type": "chore",
    "priority": 3,
    "status": "deferred",
    "title": "Parked"
  },
  {
    "comment_count": 0,
    "id": "r1-w24.5",
    "issue_type": "bug",
    "priority": 4,
    "status": "closed",
    "title": "Done"
  }
]
