 1 Overview  [2 Tree]  3 Kanban  4 Ready  5 Memories  6 Graph                                                                                                                           * live 12:00:00 
      * gr-a Extract pricing client                                                                         P2|  gr-b  o Open  task  P2                                                                 
|     o gr-b Migrate cart totals                                                                            P2|  Migrate cart totals                                                                    
      o gr-c Migrate invoice totals with a rather long title that needs cutting somewhere                   P2|  * Description  none                                                                    
      o gr-d Remove legacy pricing                                                                          P2|  v Dependencies  waits on 1 (1 open) · holds up 1                                       
    v o gr-e Checkout epic                                                                          0/2 ------|    < waits on (1 · 1 open)                                                              
    |-  o gr-e1 Address form                                                                                P2|    `- * gr-a Extract pricing client                                                     
    `-  o gr-e2 Confirmation mail                                                                           P2|    o gr-b Migrate cart totals                                                           
      o gr-l Depends on closed                                                                              P2|    > holds up (1)                                                                       
      o gr-lone1 Standalone chore                                                                           P2|    `- o gr-d Remove legacy pricing                                                      
      ~ gr-lone2 Another standalone chore                                                                   P2|  * Children  none                                                                       
      o gr-w Cache metrics                                                                                  P2|  > Details  created 2 d ago · updated 1 h ago                                           
      o gr-x Cache warmup                                                                                   P2|  > Audit trail  no comments                                                             
      o gr-y Cache eviction                                                                                 P2|                                                                                         
      o gr-z Cache sizing                                                                                   P2|                                                                                         
                                                                                                              |                                                                                         
                                                                                                              |                                                                                         
                                                                                                              |                                                                                         
                                                                                                              |                                                                                         
                                                                                                              |                                                                                         
                                                                                                              |                                                                                         
                                                                                                              |                                                                                         
                                                                                                              |                                                                                         
                                                                                                              |                                                                                         
                                                                                                              |                                                                                         
                                                                                                              |                                                                                         
                                                                                                              |                                                                                         
                                                                                                              |                                                                                         
                                                                                                              |                                                                                         
                                                                                                              |                                                                                         
                                                                                                              |                                                                                         
                                                                                                              |                                                                                         
                                                                                                              |                                                                                         
                                                                                                              |                                                                                         
                                                                                                              |                                                                                         
                                                                                                              |                                                                                         
                                                                                                              |                                                                                         
                                                                                                              |                                                                                         
                                                                                                              |                                                                                         
                                                                                                              |                                                                                         
                                                                                                              |                                                                                         
                                                                                                              |                                                                                         
                                                                                                              |                                                                                         
                                                                                                              |                                                                                         
                                                                                                              |                                                                                         
                                                                                                              |                                                                                         
                                                                                                              |                                                                                         
                                                                                                              |                                                                                         
                                                                                                              |                                                                                         
 ? help  j/k scroll  ]/[ section  1-6 switch view  Enter jump  t appearance  m markdown or source  r refresh                                                                                            