  Tree   demo                               15 issues · 2/14   * live 12:00:00  
                                                                                
+- gr-b -----------------------------------------------------------------------+
| gr-b  o Open  task  P2                                                       |
| Migrate cart totals                                                          |
| * Description  none                                                          |
| v Dependencies  waits on 1 (1 open) · holds up 1                             |
|   < waits on (1 · 1 open)                                                    |
|   `-* gr-a Extract pricing client                                            |
|   o gr-b Migrate cart totals                                                 |
|   > holds up (1)                                                             |
|   `-o gr-d Remove legacy pricing                                             |
| * Children  none                                                             |
| > Details  created 2 d ago · updated 1 h ago                                 |
| > Audit trail  no comments                                                   |
|                                                                              |
|                                                                              |
|                                                                              |
|                                                                              |
|                                                                              |
|                                                                              |
+------------------------------------------------ e edit  x export  Tab focus -+
  1 Overview   [2 Tree]   3 Kanban   4 Ready   5 Memories   6 Graph             
 j/k scroll  ]/[ section  Enter jump  : cmd  ? help                             