 1 Overview  [2 Tree]  3 Kanban  4 Ready  5 Memories  6 Graph                                           * live 12:00:00 
      * gr-a Extract pricing client                                                                                   P2
      o gr-b Migrate cart totals                                                                                      P2
      o gr-c Migrate invoice totals with a rather long title that needs cutting somewhere                             P2
      o gr-d Remove legacy pricing                                                                                    P2
    v o gr-e Checkout epic                                                                                    0/2 ------
    |-  o gr-e1 Address form                                                                                          P2
    `-  o gr-e2 Confirmation mail                                                                                     P2
      o gr-l Depends on closed                                                                                        P2
      o gr-lone1 Standalone chore                                                                                     P2
      ~ gr-lone2 Another standalone chore                                                                             P2
      o gr-w Cache metrics                                                                                            P2
      o gr-x Cache warmup                                                                                             P2
      o gr-y Cache eviction                                                                                           P2
|     o gr-z Cache sizing                                                                                             P2
                                                                                                                        
                                                                                                                        
                                                                                                                        
                                                                                                                        
                                                                                                                        
                                                                                                                        
                                                                                                                        
                                                                                                                        
                                                                                                                        
-- Detail (focused) ----------------------------------------------------------------------------------------------------
 gr-z  o Open  task  P2                                                                                                 
 Cache sizing                                                                                                           
 * Description  none                                                                                                    
 v Dependencies  waits on 1 (1 open) · holds up 2                                                                       
   < waits on (1 · 1 open)                                                                                              
   `- o gr-y @ Cache eviction                                                                                           
      `- o gr-x @ Cache warmup                                                                                          
         `- @ gr-z (cycle)                                                                                              
   o gr-z @ Cache sizing                                                                                                
   > holds up (2)                                                                                                       
   |- o gr-w Cache metrics                                                                                              
   `- o gr-x @ Cache warmup                                                                                             
      `- o gr-y @ Cache eviction                                                                                        
         `- @ gr-z (cycle)                                                                                              
 ? help  j/k scroll  ]/[ section  1-6 switch view  Enter jump  t appearance  / search  m markdown or source  r refresh  