+- New issue ---------------------------------- field 1/8 -+
|   Title*       Retry the webhook                         |
|   Type         task                                      |
|   Priority     P2                                        |
|   Assignee                                               |
|   Labels                                                 |
|   Parent       -                                         |
|   Description                                            |
|                                                          |
|                                                          |
|                                                          |
|                                                          |
|   > Advanced                                             |
|                                                          |
|                                                          |
+---------------------- Ctrl+S save  Esc close  Tab field -+