  Tree   demo                15 issues · 1/10   * 12:00:00  
    ID              TYPE    TITLE                      PR   
| o ws-9qe          bug     Payment provider timeou... P0   
  v ws-4k2          epic    Checkout: guest orders     * 2/5
  o |- ws-4k2.1     task    Address form validation    P1   
  ! |- ws-4k2.2     task    Guest order confirmatio... P2   
  v |- ws-4k2.5     feature Shipping options           o 0/1
  o | `- ws-4k2.5.1 task    Pickup point lookup        P3   
  > `- x 2 closed                                           
  ! ws-2hz          feature Split pricing service      P2   
  o ws-lost         task    Follow-up from a delete... P2   
  * ws-7mt          bug     Cart badge shows stale ... P2   
  ~ ws-8np          feature Search: typo tolerance     P3   
                                                            
                                                            
                                                            
                                                            
                                                            
                                                            
                                                            
                                                            
                                                            
  1   [2]   3   4   5   6                                   
 / search  f filter  Enter details  : cmd  ? help           