 1 Overview  [2 Tree]  3 Kanban  4 Ready  5 Memories  6 Graph   * live 12:00:00 
 #    o ws-9qe Payment provider timeout retries                               P0
    v * ws-4k2 Checkout: guest orders                                 0/2 ------
    |-  o ws-4k2.1 Address form validation                                    P1
  +- Export ----------------------------------------------------- field 4/5 -+P2
 #|   Set          Marked (3)                                                |P2
|#|   Format       JSON                                                      |  
  |   Comments     [ ]                                                       |P3
  |   Target       < File >                                                  |P4
  |   Path         ws-marked-20260929-1200.json                              |  
  |   3 issues · JSON · 292 B                                                |  
  |   [                                                                      |  
  |     {                                                                    |  
  |       "id": "ws-9qe",                                                    |  
  |       "status": "open",                                                  |  
  |       "title": "Payment provider timeout retries"                        |  
  |     },                                                                   |  
  |     {                                                                    |  
  |       "id": "ws-2hz",                                                    |  
  +------------------------------------ Ctrl+S export  Esc close  Tab field -+  
                                                                                
                                                                                
                                                                                
 Ctrl+S export  Esc close  Tab field                                # 3 marked  