                                                           
                                                           
                                                           
                                                           
                                                           
                    Terminal too small                     
                    59x15 - needs 60x16                    
                                                           
                          q quit                           
                                                           
                                                           
                                                           
                                                           
                                                           
                                                           