[
  {
    "id": "t-a1",
    "title": "Export epic",
    "description": "Everything the export shows.",
    "status": "open",
    "priority": 1,
    "issue_type": "epic",
    "owner": "<user>",
    "created_at": "<time>",
    "created_by": "<user>",
    "updated_at": "<time>",
    "dependency_count": 0,
    "dependent_count": 0,
    "comment_count": 0
  },
  {
    "id": "t-a2",
    "title": "Child with | pipe",
    "description": "First line.\n\nSecond paragraph.",
    "status": "open",
    "priority": 0,
    "issue_type": "bug",
    "assignee": "ana",
    "owner": "<user>",
    "created_at": "<time>",
    "created_by": "<user>",
    "updated_at": "<time>",
    "labels": [
      "cli",
      "ui"
    ],
    "dependencies": [
      {
        "issue_id": "t-a2",
        "depends_on_id": "t-a1",
        "type": "parent-child",
        "created_at": "<time>",
        "created_by": "<user>",
        "metadata": "{}"
      }
    ],
    "dependency_count": 0,
    "dependent_count": 1,
    "comment_count": 2,
    "parent": "t-a1",
    "comments": [
      {
        "id": "<uuid>",
        "issue_id": "t-a2",
        "author": "<user>",
        "text": "First remark",
        "created_at": "<time>"
      },
      {
        "id": "<uuid>",
        "issue_id": "t-a2",
        "author": "<user>",
        "text": "Second remark",
        "created_at": "<time>"
      }
    ]
  },
  {
    "id": "t-a3",
    "title": "Waits for the child",
    "status": "open",
    "priority": 2,
    "issue_type": "task",
    "owner": "<user>",
    "created_at": "<time>",
    "created_by": "<user>",
    "updated_at": "<time>",
    "dependencies": [
      {
        "issue_id": "t-a3",
        "depends_on_id": "t-a2",
        "type": "blocks",
        "created_at": "<time>",
        "created_by": "<user>",
        "metadata": "{}"
      }
    ],
    "dependency_count": 1,
    "dependent_count": 0,
    "comment_count": 0
  }
]
