- 1 Overview  2 Tree  3 Kanban  [4 Ready]  5 Memories  6 Graph ----------------------------------------------------------------------------------------------------------------------- * live 12:00:00 -
   - Unassigned 2 --------------------------------------------------------------------------------------------------------------------------------------------------------------------------------------
|   o ws-9qe     P0 bug      Payment provider timeout retries                                                                                                                  5h no blocking depende...
    o ws-4k2.1   P1 task     Address form validation                                                                                                                           3d no blocking depende...
   - Assigned, not started 2 ---------------------------------------------------------------------------------------------------------------------------------------------------------------------------
    o ws-lost    P2 task     Follow-up from a deleted epic                                                                                                      alice          1d 1 blocker(s) resolved 
    o ws-4k2.5.1 P3 task     Pickup point lookup                                                                                                                carol          2d no blocking depende...
   - > Blocked 2 ---------------------------------------------------------------------------------------------------------------------------------------------------------------------------------------
                                                                                                                                                                                                        
                                                                                                                                                                                                        
                                                                                                                                                                                                        
                                                                                                                                                                                                        
                                                                                                                                                                                                        
                                                                                                                                                                                                        
                                                                                                                                                                                                        
                                                                                                                                                                                                        
                                                                                                                                                                                                        
                                                                                                                                                                                                        
                                                                                                                                                                                                        
                                                                                                                                                                                                        
                                                                                                                                                                                                        
                                                                                                                                                                                                        
                                                                                                                                                                                                        
                                                                                                                                                                                                        
                                                                                                                                                                                                        
                                                                                                                                                                                                        
                                                                                                                                                                                                        
                                                                                                                                                                                                        
                                                                                                                                                                                                        
                                                                                                                                                                                                        
                                                                                                                                                                                                        
                                                                                                                                                                                                        
                                                                                                                                                                                                        
                                                                                                                                                                                                        
                                                                                                                                                                                                        
                                                                                                                                                                                                        
                                                                                                                                                                                                        
                                                                                                                                                                                                        
                                                                                                                                                                                                        
                                                                                                                                                                                                        
                                                                                                                                                                                                        
                                                                                                                                                                                                        
                                                                                                                                                                                                        
                                                                                                                                                                                                        
                                                                                                                                                                                                        
                                                                                                                                                                                                        
                                                                                                                                                                                                        
                                                                                                                                                                                                        
- 1 container hidden ----------------------------------------------------------------------------------------------------------------------------------------------------------------------------- 1/4 -
 ? help  q quit  j/k move  Space mark  Enter open  1-6 switch view  t appearance  / search  r refresh  f filter  : command  Ctrl+P jump                                                                 