 [38;2;166;173;200m1 Overview[m  [38;2;166;173;200m2 Tree[m  [38;2;166;173;200m3 Kanban[m  [1;38;2;245;245;247m4[m [1;38;2;137;180;250mReady[m  [38;2;128;135;162m5 Memories[m  [38;2;128;135;162m6 Graph[m                                             [38;2;166;227;161m● live [m[38;2;166;173;200m12:00:00[m 
   [1;38;2;245;245;247mUnassigned (2)[m                                                                                                       
[1;38;2;137;180;250;48;2;49;50;68m▌[m[1;38;2;245;245;247;48;2;49;50;68m [m[1;38;2;245;245;247;48;2;49;50;68m [m[1;38;2;245;245;247;48;2;49;50;68m [m[38;2;137;180;250;48;2;49;50;68m○[m[1;38;2;245;245;247;48;2;49;50;68m [m[38;2;205;214;244;48;2;49;50;68mws-9qe    [m[1;38;2;245;245;247;48;2;49;50;68m [m[1;38;2;243;139;168;48;2;49;50;68mP0[m[1;38;2;245;245;247;48;2;49;50;68m [m[38;2;243;139;168;48;2;49;50;68mbug     [m[1;38;2;245;245;247;48;2;49;50;68m [m[1;38;2;245;245;247;48;2;49;50;68mPayment provider timeout retries                  [m[1;38;2;245;245;247;48;2;49;50;68m [m[38;2;205;214;244;48;2;49;50;68m            [m[1;38;2;245;245;247;48;2;49;50;68m [m[38;2;166;173;200;48;2;49;50;68m  5h[m[1;38;2;245;245;247;48;2;49;50;68m [m[38;2;205;214;244;48;2;49;50;68mno blocking dependenc…[m
   [38;2;205;214;244m [m[38;2;137;180;250m○[m[38;2;205;214;244m [m[38;2;166;173;200mws-4k2.1  [m[38;2;205;214;244m [m[1;38;2;250;179;135mP1[m[38;2;205;214;244m [m[38;2;205;214;244mtask    [m[38;2;205;214;244m [m[38;2;205;214;244mAddress form validation                           [m[38;2;205;214;244m [m[38;2;166;173;200m            [m[38;2;205;214;244m [m[38;2;128;135;162m  3d[m[38;2;205;214;244m [m[38;2;166;173;200mno blocking dependenc…[m
   [1;38;2;245;245;247mAssigned, not started (2)[m                                                                                            
   [38;2;205;214;244m [m[38;2;137;180;250m○[m[38;2;205;214;244m [m[38;2;166;173;200mws-lost   [m[38;2;205;214;244m [m[38;2;249;226;175mP2[m[38;2;205;214;244m [m[38;2;205;214;244mtask    [m[38;2;205;214;244m [m[38;2;205;214;244mFollow-up from a deleted epic                     [m[38;2;205;214;244m [m[38;2;166;173;200malice       [m[38;2;205;214;244m [m[38;2;128;135;162m  1d[m[38;2;205;214;244m [m[38;2;166;173;200m1 blocker(s) resolved [m
   [38;2;205;214;244m [m[38;2;137;180;250m○[m[38;2;205;214;244m [m[38;2;166;173;200mws-4k2.5.1[m[38;2;205;214;244m [m[38;2;137;180;250mP3[m[38;2;205;214;244m [m[38;2;205;214;244mtask    [m[38;2;205;214;244m [m[38;2;205;214;244mPickup point lookup                               [m[38;2;205;214;244m [m[38;2;166;173;200mcarol       [m[38;2;205;214;244m [m[38;2;128;135;162m  2d[m[38;2;205;214;244m [m[38;2;166;173;200mno blocking dependenc…[m
   [38;2;166;173;200m▸ Blocked (2)[m                                                                                                        
                                                                                                                        
                                                                                                                        
                                                                                                                        
                                                                                                                        
                                                                                                                        
                                                                                                                        
                                                                                                                        
                                                                                                                        
                                                                                                                        
                                                                                                                        
                                                                                                                        
                                                                                                                        
                                                                                                                        
                                                                                                                        
                                                                                                                        
                                                                                                                        
                                                                                                                        
                                                                                                                        
                                                                                                                        
                                                                                                                        
                                                                                                                        
 [1;38;2;245;245;247m?[m [38;2;166;173;200mhelp[m  [1;38;2;245;245;247mq[m [38;2;166;173;200mquit[m  [1;38;2;245;245;247mj/k[m [38;2;166;173;200mmove[m  [1;38;2;245;245;247mSpace[m [38;2;166;173;200mmark[m  [1;38;2;245;245;247mEnter[m [38;2;166;173;200mopen[m  [1;38;2;245;245;247m1-6[m [38;2;166;173;200mswitch view[m  [1;38;2;245;245;247mt[m [38;2;166;173;200mappearance[m  [1;38;2;245;245;247mr[m [38;2;166;173;200mrefresh[m         [38;2;166;173;200m1 container hidden[m  