ocean dark none
status.open          o status
status.in_progress   * status
status.blocked       [1m! status[m
status.frozen        ~ status
status.closed        [2mx status[m
status.other         ? status
priority.0           [1mSample text[m
priority.1           [1mSample text[m
priority.2           Sample text
priority.3           Sample text
priority.4           [2mSample text[m
type.bug             Sample text
type.feature         Sample text
type.task            Sample text
type.epic            Sample text
type.chore           [2mSample text[m
type.decision        Sample text
type.other           [2mSample text[m
strong               [1mSample text[m
text                 Sample text
dim                  [2mSample text[m
faint                [2mSample text[m
rule                 [2mSample text[m
primary              [1mSample text[m
border               Sample text
surface              Sample text
success              Sample text
error                [1mSample text[m
warning              Sample text
selection            [7mSample text[m
changed              [1m+ changed[m
match                [4;4mS[m[4;4ma[m[4;4mm[m[4;4mp[m[4;4ml[m[4;4me[m[4m [m[4;4mt[m[4;4me[m[4;4mx[m[4;4mt[m
selected row: [1;7m strong [m[7m text [m[7;2m dim [m[7;2m faint [m[1;7m+[m
