- Overview - demo -------------------------------------------- * live 12:00:00 -
|   ? ws-1zz   task    Mystery status issue                    P4               
    ! ws-2hz   feature Split pricing service                   P2               
    * ws-4k2   epic    Checkout: guest orders                  P1 alice         
    o ws-4k2.1 task    Address form validation                 P1               
    ! ws-4k2.2 task    Guest order confirmation mail           P2               
  +- Appearance -------------------------------------------------------------+  
  | > Theme       < default >                                                |  
  |   Background    dark                                                     |  
  |   Glyphs        ascii                                                    |  
  |                                                                          |  
  | Preview                                                                  |  
  | o open  * in progress  ! blocked                                         |  
  | ~ frozen  x closed  ? other                                              |  
  | P0 P1 P2 P3 P4  match  error  ok  warn                                   |  
  |  |#+ selected row                                                        |  
  +------------------- Enter apply  Esc revert  Up/Dn row  Left/Right value -+  
                                                                                
                                                                                
                                                                                
                                                                                
                                                                                
- [1 Overview] - 2 Tree - 3 Kanban - 4 Ready - 5 Memories - 6 Graph ------------
 Enter apply  Esc revert  Up/Dn row  Left/Right value                           