- Tree - demo ------------------------------------------------------------------------------------------------------------ 15 issues · 1/10 - * live 12:00:00 -+- ws-9qe -------------------------------
    ID              TYPE    TITLE                                                                                                     PR STATUS      WHO       |  ws-9qe  o Open  bug  P0               
| o ws-9qe          bug     Payment provider timeout retries                                                                          P0                       |  Payment provider timeout retries      
  v ws-4k2          epic    Checkout: guest orders                                                                                    * 2/5 ##----             |  v Description  markdown               
  o |- ws-4k2.1     task    Address form validation                                                                                   P1                       |    Retries fail after the provider     
  ! |- ws-4k2.2     task    Guest order confirmation mail                                                                             P2 blocked               |    times out.                          
  v |- ws-4k2.5     feature Shipping options                                                                                          o 0/1 ------             |                                        
  o | `- ws-4k2.5.1 task    Pickup point lookup                                                                                       P3             carol     |    * back off between tries            
  > `- x 2 closed                                                                                                                                              |    * add jitter                        
  ! ws-2hz          feature Split pricing service                                                                                     P2 blocked               |  v Dependencies  holds up 1            
  o ws-lost         task    Follow-up from a deleted epic                                                                   ^ ws-gone P2             alice     |    o ws-9qe Payment provider timeout...
  * ws-7mt          bug     Cart badge shows stale count                                                                              P2 in progress bob       |    > holds up (1)                      
  ~ ws-8np          feature Search: typo tolerance                                                                                    P3 deferred              |    `-! ws-2hz Split pricing service    
                                                                                                                                                               |  * Children  none                      
                                                                                                                                                               |  > Details  created 5 h ago · update...
                                                                                                                                                               |  > Audit trail  no comments            
                                                                                                                                                               |                                        
                                                                                                                                                               |                                        
                                                                                                                                                               |                                        
                                                                                                                                                               |                                        
                                                                                                                                                               |                                        
                                                                                                                                                               |                                        
                                                                                                                                                               |                                        
                                                                                                                                                               |                                        
                                                                                                                                                               |                                        
                                                                                                                                                               |                                        
                                                                                                                                                               |                                        
                                                                                                                                                               |                                        
                                                                                                                                                               |                                        
                                                                                                                                                               |                                        
                                                                                                                                                               |                                        
                                                                                                                                                               |                                        
                                                                                                                                                               |                                        
                                                                                                                                                               |                                        
                                                                                                                                                               |                                        
                                                                                                                                                               |                                        
                                                                                                                                                               |                                        
                                                                                                                                                               |                                        
                                                                                                                                                               |                                        
                                                                                                                                                               |                                        
                                                                                                                                                               |                                        
                                                                                                                                                               |                                        
                                                                                                                                                               |                                        
                                                                                                                                                               |                                        
                                                                                                                                                               |                                        
                                                                                                                                                               |                                        
                                                                                                                                                               |                                        
                                                                                                                                                               |                                        
- 1 Overview - [2 Tree] - 3 Kanban - 4 Ready - 5 Memories - 6 Graph -------------------------------------------------------------------------------------------+- e edit  x export  Tab focus ----------
 / search  f filter  Enter details  : cmd  ? help                                                                                                  o open  * in progress  ! blocked  x closed  ~ frozen 