- Tree - demo ----------------------------------------------------------------------------------------------------------------------------------------------------- 15 issues · 1/10 - * live 12:00:00 -
 ws-9qe  o Open  bug  P0                                                                                                                                                                                
 Payment provider timeout retries                                                                                                                                                                       
|v Description  markdown                                                                                                                                                                                
   Retries fail after the provider times out.                                                                                                                                                           
                                                                                                                                                                                                        
   * back off between tries                                                                                                                                                                             
   * add jitter                                                                                                                                                                                         
 v Dependencies  holds up 1                                                                                                                                                                             
   o ws-9qe Payment provider timeout retries                                                                                                                                                            
   > holds up (1)                                                                                                                                                                                       
   `- ! ws-2hz Split pricing service                                                                                                                                                                    
 * Children  none                                                                                                                                                                                       
 > Details  created 5 h ago · updated 5 h ago                                                                                                                                                           
 > Audit trail  no comments                                                                                                                                                                             
                                                                                                                                                                                                        
                                                                                                                                                                                                        
                                                                                                                                                                                                        
                                                                                                                                                                                                        
- 1 Overview - [2 Tree] - 3 Kanban - 4 Ready - 5 Memories - 6 Graph ------------------------------------------------------------------------------------------------------------------------------------
 j/k scroll  ]/[ section  Enter jump  : cmd  ? help                                                                                                o open  * in progress  ! blocked  x closed  ~ frozen 