+- Export ------------------------------------- field 1/5 -+
| ! 908 KB, over the 700 KB clipboard limit, save to file  |
|                                                          |
|   Set          < Current >                               |
|   Format       Markdown                                  |
|   Comments     [x]                                       |
|   Target       File                                      |
|   Path         ws-9qe.md                                 |
|   1 issue · Markdown · 908 KB                            |
|   # ws-9qe · Payment provider timeout retries            |
|                                                          |
|   Open · P0 · bug                                        |
|   Created 2026-09-29 07:00 +00:00 · updated 2026-09-2... |
|                                                          |
|   ## Description                                         |
+-------------------- Ctrl+S export  Esc close  Tab field -+