- Tree - demo ------------------------------- 9 issues · 1/8 - * live 12:00:00 -
    ID          TYPE    TITLE                          PR STATUS      WHO       
| o ws-9qe      bug     Payment provider timeout re... P0                       
  +- Export ----------------------------------------------------- field 1/5 -+  
  | ! 908 KB, over the 700 KB clipboard limit, save to file                  |  
  |                                                                          |  
  |   Set          < Current >                                               |  
  |   Format       Markdown                                                  |  
  |   Comments     [x]                                                       |  
  |   Target       File                                                      |  
  |   Path         ws-9qe.md                                                 |  
  |   1 issue · Markdown · 908 KB                                            |  
  |   # ws-9qe · Payment provider timeout retries                            |  
  |                                                                          |  
  |   Open · P0 · bug                                                        |  
  |   Created 2026-09-29 07:00 +00:00 · updated 2026-09-29 07:00 +00:00      |  
  |                                                                          |  
  |   ## Description                                                         |  
  |                                                                          |  
  |   a long line of the description                                         |  
  +------------------------------------ Ctrl+S export  Esc close  Tab field -+  
                                                                                
- 1 Overview - [2 Tree] - 3 Kanban - 4 Ready - 5 Memories - 6 Graph ------------
 Ctrl+S export  Esc close  Tab field                                            