- Overview - demo ------------------------------------------------------------------------------------ * live 12:00:00 -
 / search  f filter  Enter details  : cmd  ? help                  o open  * in progress  ! blocked  x closed  ~ frozen 

- Overview - demo ------------------------------------------------------------------------------------ * live 12:00:00 -
|   ? ws-1zz   task    Mystery status issue                                                            P4               
    ! ws-2hz   featu+- Keys ------------------------------------------------------------ 43 shown -+   P2               
    * ws-4k2   epic | Lists                                                                        |   P1 alice         
    o ws-4k2.1 task |   q        quit                                                              |   P1               
    ! ws-4k2.2 task |   j/Down   move down                                                         |   P2               
    x ws-5ca   chore|   k/Up     move up                                                           |   P3               
    * ws-7mt   bug  |   gg       first                                                             |   P2 bob           
    ~ ws-8np   featu|   G        last                                                              |   P3               
    o ws-9qe   bug  |   Ctrl+D   half page down                                                    |   P0               
                    |   Ctrl+U   half page up                                                      |                    
                    |   PgDn     page down                                                         |                    
                    |   PgUp     page up                                                           |                    
                    |   Space    mark                                                              |                    
                    |   h/Left   column, collapse                                                  |                    
                    |   l/Right  column, expand                                                    |                    
                    |   zh       scroll left                                                       |                    
                    |   zl       scroll right                                                      |                    
                    |   zH       scroll half a screen left                                         |                    
                    |   zL       scroll half a screen right                                        |                    
                    |   Enter    open the detail, fold row                                         |                    
                    |   e        edit                                                              |                    
                    |   n        new issue                                                         |                    
                    |   s        status                                                            |                    
                    |   p        priority                                                          |                    
                    |   a        assignee                                                          |                    
                    |   #        labels                                                            |                    
                    |   c        close or reopen with a reason                                     |                    
                    |   y        copy ID                                                           |                    
                    |   x        export                                                            |                    
                    |   <        Kanban: move the card back                                        |                    
                    |   >        Kanban: move the card on                                          |                    
                    |                                                                              |                    
                    | Everywhere                                                                   |                    
                    |   ?          help                                                            |                    
                    |   1-6        switch view                                                     |                    
                    | ... 14 more                                                                  |                    
                    +-------------------------------------------- Esc close  j/k scroll  / filter -+                    
- [1 Overview] - 2 Tree - 3 Kanban - 4 Ready - 5 Memories - 6 Graph ----------------------------------------------------
 Esc close  j/k scroll  / filter                                                                                        