  Overview   demo                                              * live 12:00:00  
 / search  f filter  Enter details  : cmd  ? help                               

  Overview   demo                                              * live 12:00:00  
                                                                                
+-+- Keys -------------------------------------------------------- 43 shown -+-+
||| Lists                                                                    | |
| |   q        quit                                                          | |
| |   j/Down   move down                                                     | |
| |   k/Up     move up                                                       | |
| |   gg       first                                                         | |
| |   G        last                                                          | |
| |   Ctrl+D   half page down                                                | |
| |   Ctrl+U   half page up                                                  | |
| |   PgDn     page down                                                     | |
| |   PgUp     page up                                                       | |
| |   Space    mark                                                          | |
| |   h/Left   column, collapse                                              | |
| |   l/Right  column, expand                                                | |
| |   zh       scroll left                                                   | |
| |   zl       scroll right                                                  | |
| |   zH       scroll half a screen left                                     | |
| |   zL       scroll half a screen right                                    | |
| | ... 30 more                                                              | |
+-+---------------------------------------- Esc close  j/k scroll  / filter -+-+
  [1 Overview]   2 Tree   3 Kanban   4 Ready   5 Memories   6 Graph             
 Esc close  j/k scroll  / filter                                                