+- Edit ws-9qe -------------------- field 3/9 · 2 changes -+
| * Title*       Payment provider timeout retries again    |
|   Type         bug                                       |
| * Priority     < P1 >                                    |
|   Status       open                                      |
|   Assignee                                               |
|   Labels                                                 |
|   Parent       -                                         |
|   Description                                            |
|                                                          |
|                                                          |
|                                                          |
|                                                          |
|   > Advanced                                             |
|                                                          |
+---------------------- Ctrl+S save  Esc close  Tab field -+