- Tree - demo ------------------------------- 9 issues · 1/8 - * live 12:00:00 -
        ID         TYPE    TITLE                       PR STATUS      WHO       
| +- Edit ws-9qe ----------------------------------------------- field 9/18 -+  
  |   Title*       Payment provider timeout retries                          |  
  |   Type         bug                                                       |  
  |   Priority     P0                                                        |  
  |   Status       open                                                      |  
  |   Assignee                                                               |  
  |   Labels                                                                 |  
  |   Parent       -                                                         |  
  |   Description                                                            |  
  |                                                                          |  
  |                                                                          |  
  |                                                                          |  
  |                                                                          |  
  |   v Advanced                                                             |  
  |   Blocked by   -                                                         |  
  |   Blocks       -                                                         |  
  |   Notes                                                                  |  
  |                                                                          |  
  | ... 14 more                                                              |  
  +-------------------------------------- Ctrl+S save  Esc close  Tab field -+  
- 1 Overview - [2 Tree] - 3 Kanban - 4 Ready - 5 Memories - 6 Graph ------------
 Ctrl+S save  Esc close  Tab field                                              