  Tree   demo                               15 issues · 1/10   * live 12:00:00  
                                                                                
+- Tree -----------------------------------------------------------------------+
|    ID              TYPE    TITLE                                       PR    |
||+- Jump to issue ----------------------------------- 3/15 · closed hidden -+ |
| | > gst                                                                    | |
| |   * ws-4k2     Checkout: guest orders                                    | |
| |   ! ws-4k2.2   Guest order confirmation mail                             | |
| |   * ws-7mt     Cart badge shows stale count                              | |
| |                                                                          | |
| |                                                                          | |
| |                                                                          | |
| |                                                                          | |
| |                                                                          | |
| |                                                                          | |
| |                                                                          | |
| |                                                                          | |
| |                                                                          | |
| |                                                                          | |
| +----------------------- Enter pick  Esc close  Up/Dn move  Ctrl+T closed -+ |
|                                                                              |
+------------------------------------------------------------------------------+
  1 Overview   [2 Tree]   3 Kanban   4 Ready   5 Memories   6 Graph             
 Enter pick  Esc close  Up/Dn move  Ctrl+T closed                               