[
  {
    "comment_count": 2,
    "id": "r1-w24.1",
    "issue_type": "task",
    "priority": 0,
    "status": "in_progress",
    "title": "Child task A1",
    "future_field": {
      "kept": true
    },
    "comments": [
      {
        "id": "c1",
        "issue_id": "r1-w24.1",
        "author": "janlink",
        "text": "First comment by default actor",
        "created_at": "2026-09-29T07:42:00Z"
      },
      {
        "id": "c2",
        "issue_id": "r1-w24.1",
        "author": "bob",
        "text": "Second **comment**\r\n",
        "created_at": "2026-09-29T07:43:00Z"
      }
    ]
  }
]
