  Memories   demo                  4 · 514 chars in bd prime   * live 12:00:00  
                                                                                
+- Memories ----------------------- 4 -+ +- golden-update - 1 line · 65 chars -+
|  dolt-push-need...  Run bd dolt p... | | Regenerate goldens with  just       |
|| golden-update      Regenerate go... | | golden-update  and review the diff. |
|  no-tabs            Go files use ... | |                                     |
|  test-pump          Engine-driven... | |                                     |
| +- Edit memory ------------------------------------------------ field 1/2 -+ |
| |   Key*         golden-update                                             | |
| |   Content*                                                               | |
| |   Regenerate goldens with `just golden-update` and review the diff.      | |
| |                                                                          | |
| |                                                                          | |
| |                                                                          | |
| |                                                                          | |
| |                                                                          | |
| +-------------------------------------- Ctrl+S save  Esc close  Tab field -+ |
|                                      | |                                     |
|                                      | |                                     |
|                                      | |                                     |
|                                      | |                                     |
+--------------------------------------+ +-------------------------------------+
  1 Overview   2 Tree   3 Kanban   4 Ready   [5 Memories]   6 Graph             
 Ctrl+S save  Esc close  Tab field                                              