+- New memory --------------------------------- field 2/2 -+
|   Key*         prefer-small-commits                      |
|   Content*                                               |
|   Prefer small commits                                   |
|                                                          |
|                                                          |
|                                                          |
|                                                          |
|                                                          |
|                                                          |
|                                                          |
|                                                          |
|                                                          |
|                                                          |
|                                                          |
+---------------------- Ctrl+S save  Esc close  Tab field -+