─ Tree ─ demo ──────────────────────────────────────────────────────────────────────────────────────────────────────────── 15 issues · 1/10 ─ ● live 12:00:00 ─┬─ ws-9qe ───────────────────────────────
    ID              TYPE    TITLE                                                                                                     PR STATUS      WHO       │  ws-9qe  ○ Open  bug  P0               
...
─ 1 Overview ─ 2 Tree ─ 3 Kanban ─ 4 Ready ─ 5 Memories ─ 6 Graph ─────────────────────────────────────────────────────────────────────────────────────────────┴─ e edit  x export  Tab focus ──────────
 / search  f filter  ↵ details  : cmd  ? help                                                                                                      ○ open  ◐ in progress  ● blocked  ✓ closed  ▫ frozen 