- Tree - demo ------------------------------- 9 issues · 1/8 - * live 12:00:00 -
        ID         TYPE    TITLE                       PR STATUS      WHO       
|     o ws-9qe     bug     Payment provider timeout... P0                       
    v * ws-4k2     epic    Checkout: guest orders      0/2 ------               
  +- Edit ws-9qe ------------------------------------- field 1/9 · 1 change -+  
  | * Title*       Payment provider timeout retries!                         |  
  |   Type         bug                                                       |  
  |   Priority     P0                                                        |  
  |   Status       open                                                      |  
  |   Assignee                                                               |  
  |   Labels                                                                 |  
  |   Parent       -                                                         |  
  |   Description                                                            |  
  |                                                                          |  
  |                                                                          |  
  |                                                                          |  
  |                                                                          |  
  |   > Advanced                                                             |  
  | ! database is locked by another writer; try again in a moment            |  
  +------------------------ Ctrl+S save  Esc close  Tab field  Ctrl+G error -+  
                                                                                
                                                                                
- 1 Overview - [2 Tree] - 3 Kanban - 4 Ready - 5 Memories - 6 Graph ------------
 Ctrl+S save  Esc close  Tab field  Ctrl+G error                                