 1 Overview  2 Tree  [3 Kanban]  4 Ready  5 Memories  6 Graph                                                                                                                           * live 12:00:00 
- [Open] 5 ---------------------------- - In progress 2 ----------------------- - Blocked 2 --------------------------- - Frozen 1 ---------------------------- - Other 0 ----------------------------- 
|   P0 Payment provider timeout retries     P1 Checkout: guest or... ##---- 2/5     P2 Split pricing service        ! 1     P3 Search: typo tolerance             (empty)                               
    P1 Address form validation              P2 Cart badge shows stale c... @bob     P2 Guest order confirmation ... ! 1                                                                                 
    P2 Follow-up from a delet... @alice                                                                                                                                                                 
    P3 Shipping options      ------ 0/1                                                                                                                                                                 
    P3 Pickup point lookup       @carol                                                                                                                                                                 
                                                                                                                                                                                                        
                                                                                                                                                                                                        
                                                                                                                                                                                                        
                                                                                                                                                                                                        
                                                                                                                                                                                                        
                                                                                                                                                                                                        
                                                                                                                                                                                                        
                                                                                                                                                                                                        
                                                                                                                                                                                                        
                                                                                                                                                                                                        
                                                                                                                                                                                                        
                                                                                                                                                                                                        
                                                                                                                                                                                                        
                                                                                                                                                                                                        
                                                                                                                                                                                                        
                                                                                                                                                                                                        
                                                                                                                                                                                                        
                                                                                                                                                                                                        
                                                                                                                                                                                                        
                                                                                                                                                                                                        
                                                                                                                                                                                                        
                                                                                                                                                                                                        
                                                                                                                                                                                                        
                                                                                                                                                                                                        
                                                                                                                                                                                                        
                                                                                                                                                                                                        
                                                                                                                                                                                                        
                                                                                                                                                                                                        
                                                                                                                                                                                                        
                                                                                                                                                                                                        
                                                                                                                                                                                                        
                                                                                                                                                                                                        
                                                                                                                                                                                                        
                                                                                                                                                                                                        
                                                                                                                                                                                                        
                                                                                                                                                                                                        
                                                                                                                                                                                                        
                                                                                                                                                                                                        
                                                                                                                                                                                                        
                                                                                                                                                                                                        
                                                                                                                                                                                                        
                                                                                                                                                                                                        
 ? help  q quit  j/k move  Space mark  Enter open  1-6 switch view  t appearance  r refresh                                                                                                             