[38;2;78;78;78m─[m[38;2;78;78;78m [m[1;38;2;238;238;238mKanban[m[38;2;78;78;78m ─[m[38;2;78;78;78m [m[38;2;168;168;168mdemo[m[38;2;78;78;78m ─[m[38;2;78;78;78m─────────────────────────────────────────────────────────────────[m[38;2;78;78;78m─[m[38;2;78;78;78m [m[38;2;168;168;168m15 issues · 1/10[m[38;2;78;78;78m ─[m[38;2;78;78;78m [m[38;2;95;175;95m● live [m[38;2;168;168;168m12:00:00[m[38;2;78;78;78m ─[m
[38;2;78;78;78m─[m[38;2;78;78;78m [m[1;38;2;95;175;255mOpen[m[38;2;168;168;168m 5[m[38;2;78;78;78m ─[m[38;2;78;78;78m─────────────────────────────[m [38;2;78;78;78m─[m[38;2;78;78;78m [m[1;38;2;238;238;238mIn progress[m[38;2;168;168;168m 2[m[38;2;78;78;78m ─[m[38;2;78;78;78m──────────────────────[m [38;2;78;78;78m─[m[38;2;78;78;78m [m[1;38;2;238;238;238mBlocked[m[38;2;168;168;168m 2[m[38;2;78;78;78m ─[m[38;2;78;78;78m────────────────────[m[38;2;78;78;78m─[m[38;2;78;78;78m [m[38;2;168;168;168m2›[m[38;2;78;78;78m ─[m 
[1;38;2;255;95;95;48;2;58;58;58m▌[m[1;38;2;238;238;238;48;2;58;58;58m [m[1;38;2;255;95;95;48;2;58;58;58mP0[m[1;38;2;238;238;238;48;2;58;58;58m [m[38;2;255;135;95;48;2;58;58;58mbug    [m[1;38;2;238;238;238;48;2;58;58;58m [m[1;38;2;238;238;238;48;2;58;58;58mPayment provider timeout …[m [1;38;2;255;135;95m▌[m [1;38;2;255;135;95mP1[m[38;2;218;218;218m [m[38;2;175;135;255mepic   [m[38;2;218;218;218m [m[38;2;218;218;218mCheckout: gues…[m[38;2;218;218;218m [m[38;2;168;168;168m██░░░░ 2/5[m [38;2;255;175;95m▌[m [38;2;255;175;95mP2[m[38;2;218;218;218m [m[38;2;95;175;135mfeature[m[38;2;218;218;218m [m[38;2;218;218;218mSplit pricing service [m[38;2;218;218;218m [m[1;38;2;255;95;95m⊘ 1[m 
[1;38;2;255;135;95m▌[m [1;38;2;255;135;95mP1[m[38;2;218;218;218m [m[38;2;138;138;138mtask   [m[38;2;218;218;218m [m[38;2;218;218;218mAddress form validation   [m [38;2;255;175;95m▌[m [38;2;255;175;95mP2[m[38;2;218;218;218m [m[38;2;255;135;95mbug    [m[38;2;218;218;218m [m[38;2;218;218;218mCart badge shows sta…[m[38;2;218;218;218m [m[38;2;218;218;218m@bob[m [38;2;255;175;95m▌[m [38;2;255;175;95mP2[m[38;2;218;218;218m [m[38;2;138;138;138mtask   [m[38;2;218;218;218m [m[38;2;218;218;218mGuest order confirmat…[m[38;2;218;218;218m [m[1;38;2;255;95;95m⊘ 1[m 
[38;2;255;175;95m▌[m [38;2;255;175;95mP2[m[38;2;218;218;218m [m[38;2;138;138;138mtask   [m[38;2;218;218;218m [m[38;2;218;218;218mFollow-up from a d…[m[38;2;218;218;218m [m[38;2;218;218;218m@alice[m                                                                                 
[38;2;148;148;148m▌[m [38;2;148;148;148mP3[m[38;2;218;218;218m [m[38;2;95;175;135mfeature[m[38;2;218;218;218m [m[38;2;218;218;218mShipping optio…[m[38;2;218;218;218m [m[38;2;168;168;168m░░░░░░ 0/1[m                                                                                 
[38;2;148;148;148m▌[m [38;2;148;148;148mP3[m[38;2;218;218;218m [m[38;2;138;138;138mtask   [m[38;2;218;218;218m [m[38;2;218;218;218mPickup point lookup[m[38;2;218;218;218m [m[38;2;218;218;218m@carol[m                                                                                 
                                                                                                                        
                                                                                                                        
                                                                                                                        
                                                                                                                        
                                                                                                                        
                                                                                                                        
                                                                                                                        
                                                                                                                        
                                                                                                                        
                                                                                                                        
                                                                                                                        
                                                                                                                        
                                                                                                                        
                                                                                                                        
                                                                                                                        
                                                                                                                        
                                                                                                                        
                                                                                                                        
                                                                                                                        
                                                                                                                        
                                                                                                                        
                                                                                                                        
                                                                                                                        
                                                                                                                        
                                                                                                                        
                                                                                                                        
                                                                                                                        
                                                                                                                        
                                                                                                                        
                                                                                                                        
                                                                                                                        
[38;2;78;78;78m─[m[38;2;78;78;78m [m[38;2;118;118;118m1 Overview[m[38;2;78;78;78m ─ [m[38;2;118;118;118m2 Tree[m[38;2;78;78;78m ─ [m[1;38;2;95;175;255m3 Kanban[m[38;2;78;78;78m ─ [m[38;2;118;118;118m4 Ready[m[38;2;78;78;78m ─ [m[38;2;118;118;118m5 Memories[m[38;2;78;78;78m ─ [m[38;2;118;118;118m6 Graph[m[38;2;78;78;78m ─[m[38;2;78;78;78m────────────────────────────────────────────────────[m[38;2;78;78;78m─[m
 [1;38;2;238;238;238m/[m [38;2;118;118;118msearch[m  [1;38;2;238;238;238mf[m [38;2;118;118;118mfilter[m  [1;38;2;238;238;238m↵[m [38;2;118;118;118mdetails[m  [1;38;2;238;238;238m:[m [38;2;118;118;118mcmd[m  [1;38;2;238;238;238m?[m [38;2;118;118;118mhelp[m                      [38;2;95;175;255m○ [m[38;2;118;118;118mopen[m[38;2;118;118;118m  [m[38;2;255;175;0m◐ [m[38;2;118;118;118min progress[m[38;2;118;118;118m  [m[1;38;2;255;95;95m● [m[38;2;118;118;118mblocked[m[38;2;118;118;118m  [m[38;2;95;175;95m✓ [m[38;2;118;118;118mclosed[m[38;2;118;118;118m  [m[38;2;138;138;138m▫ [m[38;2;118;118;118mfrozen[m 