 Tree  / -type:c...:alice · 1/15 · closed hidden * 12:00:00 
|     * ws-4k2 Checkout: guest orders                    2/5
                                                            
                                                            
                                                            
                                                            
                                                            
                                                            
                                                            
                                                            
                                                            
                                                            
                                                            
                                                            
 Enter keep  Esc close  Space toggle  Tab column            
 Filter  type to find an option                 1/15 shown  
Priority            Assignee (1)        Labels              
[ ] P0            1 [ ] (none)       11                     
[ ] P1            2 [x] alice         2                     
[ ] P2            8 [ ] bob           1                     
[ ] P3            4 [ ] carol         1                     
[ ] P4            0                                         
                                                            
 advanced: -type:chore                                      