- Tree --- / -type:chore...losed hidden - 1/1 - * 12:00:00 -
    ID     TYPE    TITLE                               PR   
| * ws-4k2 epic    Checkout: guest orders              * 2/5
                                                            
                                                            
                                                            
                                                            
                                                            
                                                            
                                                            
                                                            
                                                            
                                                            
- 1 - [2] - 3 - 4 - 5 - 6 ----------------------------------
 Enter keep  Esc close  Space toggle  Tab column            
 Filter  type to find an option                 1/15 shown  
Priority            Assignee (1)        Labels              
[ ] P0            1 [ ] (none)       11                     
[ ] P1            2 [x] alice         2                     
[ ] P2            8 [ ] bob           1                     
[ ] P3            4 [ ] carol         1                     
[ ] P4            0                                         
                                                            
 advanced: -type:chore                                      