 Tree  / guest · 2/15 · cl... hidden · +1 closed * 12:00:00 
|   v * ws-4k2 Checkout: guest orders                    2/5
    |-  ! ws-4k2.2 Guest order confirmation mail          P2
    `-> x 1 closed                                          
                                                            
                                                            
                                                            
                                                            
                                                            
                                                            
                                                            
                                                            
                                                            
                                                            
                                                            
                                                            
                                                            
                                                            
                                                            
                                                            
                                                            
                                                            
 Enter keep  Esc close  Tab complete  Ctrl+N/P issue        
 / guest                                  2/15 · +1 closed  